#-----------------------------------------------------------
# Vivado v2025.1 (64-bit)
# SW Build 6140274 on Thu May 22 00:12:29 MDT 2025
# IP Build 6138677 on Thu May 22 03:10:11 MDT 2025
# SharedData Build 6139179 on Tue May 20 17:58:58 MDT 2025
# Start of session at: Sat Jan 17 21:50:48 2026
# Process ID         : 34684
# Current directory  : D:/SEMESTER1_20252026/VLSI/WGAN-EEG-FPGA/src/AXON/project_1/project_1.runs/synth_1
# Command line       : vivado.exe -log top_lvl_io_control.vds -product Vivado -mode batch -messageDb vivado.pb -notrace -source top_lvl_io_control.tcl
# Log file           : D:/SEMESTER1_20252026/VLSI/WGAN-EEG-FPGA/src/AXON/project_1/project_1.runs/synth_1/top_lvl_io_control.vds
# Journal file       : D:/SEMESTER1_20252026/VLSI/WGAN-EEG-FPGA/src/AXON/project_1/project_1.runs/synth_1\vivado.jou
# Running On         : DESKTOP-5CNS49D
# Platform           : Windows Server 2016 or Windows 10
# Operating System   : 22631
# Processor Detail   : 12th Gen Intel(R) Core(TM) i5-1235U
# CPU Frequency      : 2496 MHz
# CPU Physical cores : 10
# CPU Logical cores  : 12
# Host memory        : 16890 MB
# Swap memory        : 28329 MB
# Total Virtual      : 45220 MB
# Available Virtual  : 13440 MB
#-----------------------------------------------------------
source top_lvl_io_control.tcl -notrace
